[ 2026-05-25 18:25:42,238 ] 1025 httpx - INFO - HTTP Request: GET https://dagshub.com/api/v1/user "HTTP/1.1 200 OK"
[ 2026-05-25 18:25:42,273 ] 107 dagshub - INFO - Accessing as Hritik827
[ 2026-05-25 18:25:42,499 ] 1025 httpx - INFO - HTTP Request: GET https://dagshub.com/api/v1/repos/Hritik827/PhishGuard-MLOps "HTTP/1.1 200 OK"
[ 2026-05-25 18:25:42,658 ] 1025 httpx - INFO - HTTP Request: GET https://dagshub.com/api/v1/user "HTTP/1.1 200 OK"
[ 2026-05-25 18:25:42,658 ] 107 dagshub - INFO - Initialized MLflow to track repo "Hritik827/PhishGuard-MLOps"
[ 2026-05-25 18:25:42,658 ] 107 dagshub - INFO - Repository Hritik827/PhishGuard-MLOps initialized!
[ 2026-05-25 18:25:42,666 ] 20 root - INFO - Initiate the data ingestion
[ 2026-05-25 18:25:44,398 ] 65 root - INFO - Performed train test split on the dataframe
[ 2026-05-25 18:25:44,398 ] 67 root - INFO - Exited split_data_as_train_test method of Data_Ingestion class
[ 2026-05-25 18:25:44,398 ] 75 root - INFO - Exporting train and test file path.
[ 2026-05-25 18:25:44,437 ] 84 root - INFO - Exported train and test file path.
[ 2026-05-25 18:25:44,438 ] 22 root - INFO - Data Initiation Completed
[ 2026-05-25 18:25:44,492 ] 26 root - INFO - Initiate the data Validation
[ 2026-05-25 18:25:44,573 ] 32 root - INFO - Required number of columns:2
[ 2026-05-25 18:25:44,573 ] 33 root - INFO - Data frame has columns:31
[ 2026-05-25 18:25:44,573 ] 32 root - INFO - Required number of columns:2
[ 2026-05-25 18:25:44,573 ] 33 root - INFO - Data frame has columns:31
[ 2026-05-25 18:25:44,676 ] 28 root - INFO - data Validation Completed
[ 2026-05-25 18:25:44,676 ] 31 root - INFO - data Transformation started
[ 2026-05-25 18:25:44,676 ] 63 root - INFO - Entered initiate_data_transformation method of DataTransformation class
[ 2026-05-25 18:25:44,676 ] 65 root - INFO - Starting data transformation
[ 2026-05-25 18:25:44,680 ] 48 root - INFO - Entered get_data_trnasformer_object method of Trnasformation class
[ 2026-05-25 18:25:44,680 ] 53 root - INFO - Initialise KNNImputer with {'missing_values': nan, 'n_neighbors': 3, 'weights': 'uniform'}
[ 2026-05-25 18:25:44,697 ] 46 root - INFO - Entered the save_object method of MainUtils class
[ 2026-05-25 18:25:44,699 ] 50 root - INFO - Exited the save_object method of MainUtils class
[ 2026-05-25 18:25:44,699 ] 46 root - INFO - Entered the save_object method of MainUtils class
[ 2026-05-25 18:25:44,701 ] 50 root - INFO - Exited the save_object method of MainUtils class
[ 2026-05-25 18:25:44,701 ] 35 root - INFO - data Transformation completed
[ 2026-05-25 18:25:44,703 ] 37 root - INFO - Model Training sstared
[ 2026-05-25 18:30:02,182 ] 135 root - INFO - Best model found: Random Forest
[ 2026-05-25 18:30:02,182 ] 136 root - INFO - Best model score: 0.9056707473159566
[ 2026-05-25 18:30:59,035 ] 46 root - INFO - Entered the save_object method of MainUtils class
[ 2026-05-25 18:30:59,114 ] 50 root - INFO - Exited the save_object method of MainUtils class
[ 2026-05-25 18:30:59,114 ] 46 root - INFO - Entered the save_object method of MainUtils class
[ 2026-05-25 18:30:59,201 ] 50 root - INFO - Exited the save_object method of MainUtils class
[ 2026-05-25 18:30:59,201 ] 194 root - INFO - Model trainer artifact: ModelTrainerArtifact(trained_model_file_path='Artifacts\\05_25_2026_18_25_40\\model_trainer\\trained_model\\model.pkl', train_metric_artifact=ClassificationMetricArtifact(f1_score=0.9906218144750255, precision_score=0.9872003250711093, recall_score=0.9940671031096563), test_metric_artifact=ClassificationMetricArtifact(f1_score=0.9800703399765534, precision_score=0.9720930232558139, recall_score=0.9881796690307328))
[ 2026-05-25 18:30:59,207 ] 42 root - INFO - Model Training artifact created
