[ 2026-05-25 18:17:50,088 ] 1025 httpx - INFO - HTTP Request: POST https://dagshub.com/login/oauth/middleman "HTTP/1.1 200 OK"
[ 2026-05-25 18:17:50,283 ] 1025 httpx - INFO - HTTP Request: POST https://dagshub.com/login/oauth/access_token "HTTP/1.1 200 OK"
[ 2026-05-25 18:17:50,448 ] 1025 httpx - INFO - HTTP Request: GET https://dagshub.com/api/v1/user "HTTP/1.1 200 OK"
[ 2026-05-25 18:17:50,454 ] 107 dagshub - INFO - Accessing as Hritik827
[ 2026-05-25 18:17:50,679 ] 1025 httpx - INFO - HTTP Request: GET https://dagshub.com/api/v1/repos/Hritik827/PhishGuard-MLOps "HTTP/1.1 200 OK"
[ 2026-05-25 18:17:50,852 ] 1025 httpx - INFO - HTTP Request: GET https://dagshub.com/api/v1/user "HTTP/1.1 200 OK"
[ 2026-05-25 18:17:50,855 ] 107 dagshub - INFO - Initialized MLflow to track repo "Hritik827/PhishGuard-MLOps"
[ 2026-05-25 18:17:50,857 ] 107 dagshub - INFO - Repository Hritik827/PhishGuard-MLOps initialized!
[ 2026-05-25 18:17:50,857 ] 20 root - INFO - Initiate the data ingestion
[ 2026-05-25 18:17:53,090 ] 65 root - INFO - Performed train test split on the dataframe
[ 2026-05-25 18:17:53,090 ] 67 root - INFO - Exited split_data_as_train_test method of Data_Ingestion class
[ 2026-05-25 18:17:53,090 ] 75 root - INFO - Exporting train and test file path.
[ 2026-05-25 18:17:53,132 ] 84 root - INFO - Exported train and test file path.
[ 2026-05-25 18:17:53,132 ] 22 root - INFO - Data Initiation Completed
[ 2026-05-25 18:17:53,154 ] 26 root - INFO - Initiate the data Validation
[ 2026-05-25 18:17:53,245 ] 32 root - INFO - Required number of columns:2
[ 2026-05-25 18:17:53,245 ] 33 root - INFO - Data frame has columns:31
[ 2026-05-25 18:17:53,245 ] 32 root - INFO - Required number of columns:2
[ 2026-05-25 18:17:53,245 ] 33 root - INFO - Data frame has columns:31
[ 2026-05-25 18:17:53,364 ] 28 root - INFO - data Validation Completed
[ 2026-05-25 18:17:53,364 ] 31 root - INFO - data Transformation started
[ 2026-05-25 18:17:53,364 ] 63 root - INFO - Entered initiate_data_transformation method of DataTransformation class
[ 2026-05-25 18:17:53,364 ] 65 root - INFO - Starting data transformation
[ 2026-05-25 18:17:53,379 ] 48 root - INFO - Entered get_data_trnasformer_object method of Trnasformation class
[ 2026-05-25 18:17:53,379 ] 53 root - INFO - Initialise KNNImputer with {'missing_values': nan, 'n_neighbors': 3, 'weights': 'uniform'}
[ 2026-05-25 18:17:53,391 ] 46 root - INFO - Entered the save_object method of MainUtils class
[ 2026-05-25 18:17:53,394 ] 50 root - INFO - Exited the save_object method of MainUtils class
[ 2026-05-25 18:17:53,394 ] 46 root - INFO - Entered the save_object method of MainUtils class
[ 2026-05-25 18:17:53,396 ] 50 root - INFO - Exited the save_object method of MainUtils class
[ 2026-05-25 18:17:53,397 ] 35 root - INFO - data Transformation completed
[ 2026-05-25 18:17:53,397 ] 37 root - INFO - Model Training sstared
