[ 2026-05-26 16:20:43,538 ] 1025 httpx - INFO - HTTP Request: GET https://dagshub.com/api/v1/user "HTTP/1.1 200 OK"
[ 2026-05-26 16:20:43,543 ] 107 dagshub - INFO - Accessing as Hritik827
[ 2026-05-26 16:20:44,103 ] 1025 httpx - INFO - HTTP Request: GET https://dagshub.com/api/v1/repos/Hritik827/PhishGuard-MLOps "HTTP/1.1 200 OK"
[ 2026-05-26 16:20:44,784 ] 1025 httpx - INFO - HTTP Request: GET https://dagshub.com/api/v1/user "HTTP/1.1 200 OK"
[ 2026-05-26 16:20:44,785 ] 107 dagshub - INFO - Initialized MLflow to track repo "Hritik827/PhishGuard-MLOps"
[ 2026-05-26 16:20:44,785 ] 107 dagshub - INFO - Repository Hritik827/PhishGuard-MLOps initialized!
[ 2026-05-26 16:21:57,883 ] 42 root - INFO - Start data Ingestion
[ 2026-05-26 16:22:03,346 ] 65 root - INFO - Performed train test split on the dataframe
[ 2026-05-26 16:22:03,346 ] 67 root - INFO - Exited split_data_as_train_test method of Data_Ingestion class
[ 2026-05-26 16:22:03,346 ] 75 root - INFO - Exporting train and test file path.
[ 2026-05-26 16:22:03,385 ] 84 root - INFO - Exported train and test file path.
[ 2026-05-26 16:22:03,385 ] 45 root - INFO - Data Ingestion completed and artifact: DataIngestionArtifact(trained_file_path='Artifacts\\05_26_2026_16_20_41\\data_ingestion\\ingested\\train.csv', test_file_path='Artifacts\\05_26_2026_16_20_41\\data_ingestion\\ingested\\test.csv')
[ 2026-05-26 16:22:03,415 ] 55 root - INFO - Initiate the data Validation
[ 2026-05-26 16:22:03,513 ] 32 root - INFO - Required number of columns:2
[ 2026-05-26 16:22:03,513 ] 33 root - INFO - Data frame has columns:31
[ 2026-05-26 16:22:03,513 ] 32 root - INFO - Required number of columns:2
[ 2026-05-26 16:22:03,513 ] 33 root - INFO - Data frame has columns:31
[ 2026-05-26 16:22:03,635 ] 63 root - INFO - Entered initiate_data_transformation method of DataTransformation class
[ 2026-05-26 16:22:03,635 ] 65 root - INFO - Starting data transformation
[ 2026-05-26 16:22:03,651 ] 48 root - INFO - Entered get_data_trnasformer_object method of Trnasformation class
[ 2026-05-26 16:22:03,651 ] 53 root - INFO - Initialise KNNImputer with {'missing_values': nan, 'n_neighbors': 3, 'weights': 'uniform'}
[ 2026-05-26 16:22:03,660 ] 46 root - INFO - Entered the save_object method of MainUtils class
[ 2026-05-26 16:22:03,662 ] 50 root - INFO - Exited the save_object method of MainUtils class
[ 2026-05-26 16:22:03,662 ] 46 root - INFO - Entered the save_object method of MainUtils class
[ 2026-05-26 16:22:03,665 ] 50 root - INFO - Exited the save_object method of MainUtils class
[ 2026-05-26 16:24:47,567 ] 135 root - INFO - Best model found: Random Forest
[ 2026-05-26 16:24:47,567 ] 136 root - INFO - Best model score: 0.9121692526176753
[ 2026-05-26 16:25:12,684 ] 46 root - INFO - Entered the save_object method of MainUtils class
[ 2026-05-26 16:25:12,687 ] 50 root - INFO - Exited the save_object method of MainUtils class
[ 2026-05-26 16:25:12,687 ] 46 root - INFO - Entered the save_object method of MainUtils class
[ 2026-05-26 16:25:12,690 ] 50 root - INFO - Exited the save_object method of MainUtils class
[ 2026-05-26 16:25:12,690 ] 194 root - INFO - Model trainer artifact: ModelTrainerArtifact(trained_model_file_path='Artifacts\\05_26_2026_16_20_41\\model_trainer\\trained_model\\model.pkl', train_metric_artifact=ClassificationMetricArtifact(f1_score=0.9907904058293695, precision_score=0.9894885789367294, recall_score=0.9920956627482772), test_metric_artifact=ClassificationMetricArtifact(f1_score=0.9804719283970708, precision_score=0.9757085020242915, recall_score=0.9852820932134096))
