[ 2026-05-26 01:14:08,926 ] 1025 httpx - INFO - HTTP Request: GET https://dagshub.com/api/v1/user "HTTP/1.1 200 OK"
[ 2026-05-26 01:14:08,935 ] 107 dagshub - INFO - Accessing as Hritik827
[ 2026-05-26 01:14:09,091 ] 1025 httpx - INFO - HTTP Request: GET https://dagshub.com/api/v1/repos/Hritik827/PhishGuard-MLOps "HTTP/1.1 200 OK"
[ 2026-05-26 01:14:09,283 ] 1025 httpx - INFO - HTTP Request: GET https://dagshub.com/api/v1/user "HTTP/1.1 200 OK"
[ 2026-05-26 01:14:09,283 ] 107 dagshub - INFO - Initialized MLflow to track repo "Hritik827/PhishGuard-MLOps"
[ 2026-05-26 01:14:09,283 ] 107 dagshub - INFO - Repository Hritik827/PhishGuard-MLOps initialized!
[ 2026-05-26 01:15:41,130 ] 42 root - INFO - Start data Ingestion
[ 2026-05-26 01:15:44,374 ] 65 root - INFO - Performed train test split on the dataframe
[ 2026-05-26 01:15:44,374 ] 67 root - INFO - Exited split_data_as_train_test method of Data_Ingestion class
[ 2026-05-26 01:15:44,375 ] 75 root - INFO - Exporting train and test file path.
[ 2026-05-26 01:15:44,430 ] 84 root - INFO - Exported train and test file path.
[ 2026-05-26 01:15:44,430 ] 45 root - INFO - Data Ingestion completed and artifact: DataIngestionArtifact(trained_file_path='Artifacts\\05_26_2026_01_14_06\\data_ingestion\\ingested\\train.csv', test_file_path='Artifacts\\05_26_2026_01_14_06\\data_ingestion\\ingested\\test.csv')
[ 2026-05-26 01:15:44,443 ] 55 root - INFO - Initiate the data Validation
[ 2026-05-26 01:15:44,512 ] 32 root - INFO - Required number of columns:2
[ 2026-05-26 01:15:44,512 ] 33 root - INFO - Data frame has columns:31
[ 2026-05-26 01:15:44,512 ] 32 root - INFO - Required number of columns:2
[ 2026-05-26 01:15:44,512 ] 33 root - INFO - Data frame has columns:31
[ 2026-05-26 01:15:44,624 ] 63 root - INFO - Entered initiate_data_transformation method of DataTransformation class
[ 2026-05-26 01:15:44,624 ] 65 root - INFO - Starting data transformation
[ 2026-05-26 01:15:44,640 ] 48 root - INFO - Entered get_data_trnasformer_object method of Trnasformation class
[ 2026-05-26 01:15:44,640 ] 53 root - INFO - Initialise KNNImputer with {'missing_values': nan, 'n_neighbors': 3, 'weights': 'uniform'}
[ 2026-05-26 01:15:44,649 ] 46 root - INFO - Entered the save_object method of MainUtils class
[ 2026-05-26 01:15:44,650 ] 50 root - INFO - Exited the save_object method of MainUtils class
[ 2026-05-26 01:15:44,650 ] 46 root - INFO - Entered the save_object method of MainUtils class
[ 2026-05-26 01:15:44,652 ] 50 root - INFO - Exited the save_object method of MainUtils class
[ 2026-05-26 01:18:55,173 ] 135 root - INFO - Best model found: Random Forest
[ 2026-05-26 01:18:55,173 ] 136 root - INFO - Best model score: 0.8852620653866113
[ 2026-05-26 01:20:14,018 ] 46 root - INFO - Entered the save_object method of MainUtils class
[ 2026-05-26 01:20:14,046 ] 50 root - INFO - Exited the save_object method of MainUtils class
[ 2026-05-26 01:20:14,047 ] 46 root - INFO - Entered the save_object method of MainUtils class
[ 2026-05-26 01:20:14,072 ] 50 root - INFO - Exited the save_object method of MainUtils class
[ 2026-05-26 01:20:14,072 ] 194 root - INFO - Model trainer artifact: ModelTrainerArtifact(trained_model_file_path='Artifacts\\05_26_2026_01_14_06\\model_trainer\\trained_model\\model.pkl', train_metric_artifact=ClassificationMetricArtifact(f1_score=0.9913185578592585, precision_score=0.9893985728848114, recall_score=0.9932460090053213), test_metric_artifact=ClassificationMetricArtifact(f1_score=0.975724353954581, precision_score=0.9711613406079501, recall_score=0.980330448465775))
