[ 2026-05-25 22:15:22,603 ] 1025 httpx - INFO - HTTP Request: GET https://dagshub.com/api/v1/user "HTTP/1.1 200 OK"
[ 2026-05-25 22:15:22,608 ] 107 dagshub - INFO - Accessing as Hritik827
[ 2026-05-25 22:15:22,972 ] 1025 httpx - INFO - HTTP Request: GET https://dagshub.com/api/v1/repos/Hritik827/PhishGuard-MLOps "HTTP/1.1 200 OK"
[ 2026-05-25 22:15:23,317 ] 1025 httpx - INFO - HTTP Request: GET https://dagshub.com/api/v1/user "HTTP/1.1 200 OK"
[ 2026-05-25 22:15:23,317 ] 107 dagshub - INFO - Initialized MLflow to track repo "Hritik827/PhishGuard-MLOps"
[ 2026-05-25 22:15:23,317 ] 107 dagshub - INFO - Repository Hritik827/PhishGuard-MLOps initialized!
[ 2026-05-25 22:18:39,791 ] 42 root - INFO - Start data Ingestion
[ 2026-05-25 22:18:42,495 ] 65 root - INFO - Performed train test split on the dataframe
[ 2026-05-25 22:18:42,495 ] 67 root - INFO - Exited split_data_as_train_test method of Data_Ingestion class
[ 2026-05-25 22:18:42,497 ] 75 root - INFO - Exporting train and test file path.
[ 2026-05-25 22:18:42,603 ] 84 root - INFO - Exported train and test file path.
[ 2026-05-25 22:18:42,604 ] 45 root - INFO - Data Ingestion completed and artifact: DataIngestionArtifact(trained_file_path='Artifacts\\05_25_2026_22_15_20\\data_ingestion\\ingested\\train.csv', test_file_path='Artifacts\\05_25_2026_22_15_20\\data_ingestion\\ingested\\test.csv')
[ 2026-05-25 22:18:42,617 ] 55 root - INFO - Initiate the data Validation
[ 2026-05-25 22:18:42,742 ] 32 root - INFO - Required number of columns:2
[ 2026-05-25 22:18:42,742 ] 33 root - INFO - Data frame has columns:31
[ 2026-05-25 22:18:42,743 ] 32 root - INFO - Required number of columns:2
[ 2026-05-25 22:18:42,743 ] 33 root - INFO - Data frame has columns:31
[ 2026-05-25 22:18:43,027 ] 63 root - INFO - Entered initiate_data_transformation method of DataTransformation class
[ 2026-05-25 22:18:43,028 ] 65 root - INFO - Starting data transformation
[ 2026-05-25 22:18:43,066 ] 48 root - INFO - Entered get_data_trnasformer_object method of Trnasformation class
[ 2026-05-25 22:18:43,066 ] 53 root - INFO - Initialise KNNImputer with {'missing_values': nan, 'n_neighbors': 3, 'weights': 'uniform'}
[ 2026-05-25 22:18:43,088 ] 46 root - INFO - Entered the save_object method of MainUtils class
[ 2026-05-25 22:18:43,093 ] 50 root - INFO - Exited the save_object method of MainUtils class
[ 2026-05-25 22:18:43,093 ] 46 root - INFO - Entered the save_object method of MainUtils class
[ 2026-05-25 22:18:43,098 ] 50 root - INFO - Exited the save_object method of MainUtils class
[ 2026-05-25 22:22:07,197 ] 135 root - INFO - Best model found: Decision Tree
[ 2026-05-25 22:22:07,197 ] 136 root - INFO - Best model score: 0.8739098452790267
[ 2026-05-25 22:22:43,923 ] 46 root - INFO - Entered the save_object method of MainUtils class
[ 2026-05-25 22:22:43,923 ] 50 root - INFO - Exited the save_object method of MainUtils class
[ 2026-05-25 22:22:43,923 ] 46 root - INFO - Entered the save_object method of MainUtils class
[ 2026-05-25 22:22:43,923 ] 50 root - INFO - Exited the save_object method of MainUtils class
[ 2026-05-25 22:22:43,923 ] 194 root - INFO - Model trainer artifact: ModelTrainerArtifact(trained_model_file_path='Artifacts\\05_25_2026_22_15_20\\model_trainer\\trained_model\\model.pkl', train_metric_artifact=ClassificationMetricArtifact(f1_score=0.9913906613997772, precision_score=0.9922952149229521, recall_score=0.990487755515078), test_metric_artifact=ClassificationMetricArtifact(f1_score=0.9715463917525773, precision_score=0.9743589743589743, recall_score=0.96875))
